// Jest Snapshot v1, https://goo.gl/fbAQLP

exports[`new card form will match the NewCardForm Snapshot 1`] = `
<div
  className="card_form"
>
  <section
    className="card__content"
  >
    <section
      className="new-card-form__header"
    >
      <p>
        Add a card
      </p>
    </section>
    <section
      className="card__content-text"
    >
      <form
        className="new-card-form__form"
        onSubmit={[Function]}
      >
        <section
          className="form_item"
        >
          <label
            className="label_item"
            htmlFor="text"
          >
            Text
          </label>
          <textarea
            name="text"
            onChange={[Function]}
            value=""
          />
        </section>
        <section
          className="form_item"
        >
          <label
            className="label_item"
            htmlFor="emoji"
          >
            Emoji
          </label>
          <select
            className="new-card-form__form-select"
            name="emoji"
            onChange={[Function]}
            value=""
          >
            <option
              key="0"
              value=""
            />
            <option
              key="1"
              value="heart_eyes"
            >
              😍
            </option>
            <option
              key="2"
              value="beer"
            >
              🍺
            </option>
            <option
              key="3"
              value="clap"
            >
              👏
            </option>
            <option
              key="4"
              value="sparkling_heart"
            >
              💖
            </option>
            <option
              key="5"
              value="heart_eyes_cat"
            >
              😻
            </option>
            <option
              key="6"
              value="dog"
            >
              🐶
            </option>
          </select>
        </section>
        <section
          className="submit_item"
        >
          <input
            className="new-card-form__form-button button"
            type="submit"
            value="+"
          />
        </section>
      </form>
    </section>
  </section>
</div>
`;
